node.exe : (node:35320) 
ExperimentalWarning: 
Support for loading ES 
Module in require() is an 
experimental feature and 
might change at any time
At C:\Program 
Files\nodejs\npx.ps1:29 
char:3
+   & $NODE_EXE 
$NPX_CLI_JS $args
+   ~~~~~~~~~~~~~~~~~~~~~~
~~~~~~~
    + CategoryInfo        
      : NotSpecified: ((  
  node:35320) Ex...nge    
 at any time:String) [    
], RemoteException
    + FullyQualifiedError 
   Id : NativeCommandErr  
  or
 
(Use `node 
--trace-warnings ...` to 
show where the warning 
was created)
src/services/inference/models/AttentionNet.ts(102,10): error TS6133: 'attentionGate' is declared but its value is never read.
src/services/inference/models/DenseNet121.ts(9,10): error TS1484: 'DenseNetOutput' is a type and must be imported using a type-only import when 'verbatimModuleSyntax' is enabled.
src/services/inference/models/DenseNet121.ts(9,42): error TS1484: 'ModelConfig' is a type and must be imported using a type-only import when 'verbatimModuleSyntax' is enabled.
